// Jest Snapshot v1, https://goo.gl/fbAQLP

exports[`HarborEditForm initially renders loading spinner 1`] = `"<div class=\\"spinnerWrapper\\"><div class=\\"spinner\\"></div></div>"`;

exports[`HarborEditForm renders content after loading 1`] = `"<form action=\\"#\\" class=\\"harborEditForm\\"><h4 class=\\"text brand h4\\">SATAMA</h4><article class=\\"section\\"><section class=\\"body\\"><div class=\\"TextInput-module_root__1ceal text-input_hds-text-input__24bl6\\"><label for=\\"name\\" class=\\"TextInput-module_label__1NkZD text-input_hds-text-input__label__1-UoQ \\">Nimi</label><div class=\\"TextInput-module_inputWrapper__1ru3h text-input_hds-text-input__input-wrapper__2p7Uy\\"><input class=\\"TextInput-module_input__35GDy text-input_hds-text-input__input__2XAyI\\" id=\\"name\\" type=\\"text\\" name=\\"name\\" required=\\"\\" value=\\"Pajalahden venesatama (Meripuistotie) / Venesatama\\"></div></div></section></article><article class=\\"section\\"><section class=\\"body\\"><div class=\\"TextInput-module_root__1ceal text-input_hds-text-input__24bl6\\"><label for=\\"streetAddress\\" class=\\"TextInput-module_label__1NkZD text-input_hds-text-input__label__1-UoQ \\">Osoite</label><div class=\\"TextInput-module_inputWrapper__1ru3h text-input_hds-text-input__input-wrapper__2p7Uy\\"><input class=\\"TextInput-module_input__35GDy text-input_hds-text-input__input__2XAyI\\" id=\\"streetAddress\\" type=\\"text\\" name=\\"streetAddress\\" required=\\"\\" value=\\"Meripuistotie 1a\\"></div></div><div class=\\"TextInput-module_root__1ceal text-input_hds-text-input__24bl6\\"><label for=\\"zipCode\\" class=\\"TextInput-module_label__1NkZD text-input_hds-text-input__label__1-UoQ \\">Postinumero</label><div class=\\"TextInput-module_inputWrapper__1ru3h text-input_hds-text-input__input-wrapper__2p7Uy\\"><input class=\\"TextInput-module_input__35GDy text-input_hds-text-input__input__2XAyI\\" id=\\"zipCode\\" type=\\"text\\" name=\\"zipCode\\" required=\\"\\" value=\\"00210\\"></div></div><div class=\\"TextInput-module_root__1ceal text-input_hds-text-input__24bl6\\"><label for=\\"municipality\\" class=\\"TextInput-module_label__1NkZD text-input_hds-text-input__label__1-UoQ \\">Postitoimipaikka</label><div class=\\"TextInput-module_inputWrapper__1ru3h text-input_hds-text-input__input-wrapper__2p7Uy\\"><input class=\\"TextInput-module_input__35GDy text-input_hds-text-input__input__2XAyI\\" id=\\"municipality\\" type=\\"text\\" name=\\"municipality\\" required=\\"\\" value=\\"Helsinki\\"></div></div></section></article><article class=\\"section\\"><section class=\\"body\\"><div class=\\"TextInput-module_root__1ceal text-input_hds-text-input__24bl6\\"><label for=\\"wwwUrl\\" class=\\"TextInput-module_label__1NkZD text-input_hds-text-input__label__1-UoQ \\">WWW-osoite</label><div class=\\"TextInput-module_inputWrapper__1ru3h text-input_hds-text-input__input-wrapper__2p7Uy\\"><input class=\\"TextInput-module_input__35GDy text-input_hds-text-input__input__2XAyI\\" id=\\"wwwUrl\\" type=\\"text\\" name=\\"wwwUrl\\" required=\\"\\" value=\\"https://hel.fi\\"></div></div></section></article><article class=\\"section\\"><section class=\\"body\\"><div class=\\"fileUpload\\"><span class=\\"labelText\\">Sataman kuva</span><ul class=\\"list standard noBullets\\"><li class=\\"fileListItem\\"><span class=\\"text brand span fileName\\">https://hel.fi</span><button class=\\"delete\\" type=\\"button\\"><div class=\\"icon critical medium\\"><svg xmlns=\\"http://www.w3.org/2000/svg\\" width=\\"100%\\" height=\\"100%\\" viewBox=\\"0 0 480 480\\" class=\\"\\"><path d=\\"M350.66 70.31a123.85 123.85 0 0 1-83-31.75L256 28.08l-11.65 10.48a123.85 123.85 0 0 1-83 31.75H93.44l3.07 34.84h64.84A158.75 158.75 0 0 0 256 74a158.75 158.75 0 0 0 94.66 31.17h64.83l3.07-34.84zM128.28 465.13h255.45L412.36 140H99.59zm246.05-290.29l-22.5 255.45H311l7.35-220.62h-34.89l-7.34 220.62h-40.24l-7.34-220.62h-34.86L201 430.29h-40.83l-22.54-255.45z\\"></path></svg></div></button></li></ul><div class=\\"row\\"><label class=\\"field\\"><input accept=\\"image/png, image/jpeg\\" class=\\"input\\" type=\\"file\\" name=\\"imageFile\\"><div class=\\"button supplementary small\\"><span class=\\"label\\">Valitse...</span></div></label><span class=\\"text secondary span maxSize\\">Tiedostokoko enint채채n 500 kB</span></div></div></section></article><article class=\\"section\\"><section class=\\"body\\"><div class=\\"fileUpload\\"><span class=\\"labelText\\">Satamakartat</span><ul class=\\"list standard noBullets\\"><li class=\\"fileListItem\\"><span class=\\"text brand span fileName\\">https://hel.ninja</span><button class=\\"delete\\" type=\\"button\\"><div class=\\"icon critical medium\\"><svg xmlns=\\"http://www.w3.org/2000/svg\\" width=\\"100%\\" height=\\"100%\\" viewBox=\\"0 0 480 480\\" class=\\"\\"><path d=\\"M350.66 70.31a123.85 123.85 0 0 1-83-31.75L256 28.08l-11.65 10.48a123.85 123.85 0 0 1-83 31.75H93.44l3.07 34.84h64.84A158.75 158.75 0 0 0 256 74a158.75 158.75 0 0 0 94.66 31.17h64.83l3.07-34.84zM128.28 465.13h255.45L412.36 140H99.59zm246.05-290.29l-22.5 255.45H311l7.35-220.62h-34.89l-7.34 220.62h-40.24l-7.34-220.62h-34.86L201 430.29h-40.83l-22.54-255.45z\\"></path></svg></div></button></li></ul><div class=\\"row\\"><label class=\\"field\\"><input class=\\"input\\" type=\\"file\\" name=\\"maps\\" multiple=\\"\\"><div class=\\"button supplementary small\\"><span class=\\"label\\">Lis채채...</span></div></label></div></div></section></article><div class=\\"formActionButtons\\"><button type=\\"button\\" class=\\"Button-module_button__3wgee button_hds-button__2A0je Button-module_secondary__399Vd button_hds-button--secondary__1NOWS Button-module_theme-black__zO4WO button_hds-button--theme-black__3K_k4\\"><span class=\\"Button-module_label__2zMLC button_hds-button__label__2EQa-\\">Peruuta</span></button><button type=\\"submit\\" class=\\"Button-module_button__3wgee button_hds-button__2A0je Button-module_primary__3bo_T button_hds-button--primary__2NVvO Button-module_theme-coat__2xA5D button_hds-button--theme-coat__12cO0\\"><span class=\\"Button-module_label__2zMLC button_hds-button__label__2EQa-\\">Tallenna</span></button></div></form>"`;
