// Jest Snapshot v1, https://goo.gl/fbAQLP

exports[`StatusLabel renders normally 1`] = `
<span
  class="StatusLabel-module_statusLabel__3R2J2 status-label_hds-status-label__1L8YI StatusLabel-module_alert__2VR8r status-label_hds-status-label--alert__1ecsX"
>
  Foo
</span>
`;
