// Jest Snapshot v1, https://goo.gl/fbAQLP

exports[`BerthPricing renders noData message when there is no data 1`] = `"<div class=\\"card\\"><div class=\\"cardHeader\\"><span class=\\"title\\">Venepaikka</span></div><div class=\\"cardBody\\"><article class=\\"section\\"><section class=\\"body\\">Perushinta. Hinnat sisältävät alv 24 %.</section></article><div><div class=\\"tableWrapper\\"><div role=\\"table\\" style=\\"min-width:712.5px\\" class=\\"table basic noMainHeader\\"><div class=\\"stickyHeaders\\"><div role=\\"row\\" style=\\"display:flex;flex:1 0 auto;min-width:0px\\" class=\\"header\\"><div colSpan=\\"1\\" role=\\"columnheader\\" style=\\"box-sizing:border-box;flex:150 0 auto;min-width:0px;width:150px;cursor:pointer\\" title=\\"Toggle SortBy\\" class=\\"headerCell\\">Leveys<div class=\\"sortArrowWrapper\\"><div class=\\"icon standard small sortArrow sortArrowDown\\"><svg xmlns=\\"http://www.w3.org/2000/svg\\" width=\\"100%\\" height=\\"100%\\" viewBox=\\"0 0 24 24\\" class=\\"\\"><g><polygon points=\\"13.3706831 2 11.5237192 3.84696395 18.0000474 10.3242884 2 10.3242884 2 12.937334 17.9990512 12.937334 11.5237192 19.412666 13.3706831 21.2586338 23 11.6293169\\" transform=\\"translate(12.500000, 11.629317) rotate(-180.000000) translate(-12.500000, -11.629317) \\"></polygon></g></svg></div></div></div><div colSpan=\\"1\\" role=\\"columnheader\\" style=\\"box-sizing:border-box;flex:150 0 auto;min-width:0px;width:150px;cursor:pointer\\" title=\\"Toggle SortBy\\" class=\\"headerCell\\">Yksityinen<div class=\\"sortArrowWrapper\\"><div class=\\"icon standard small sortArrow sortArrowDown\\"><svg xmlns=\\"http://www.w3.org/2000/svg\\" width=\\"100%\\" height=\\"100%\\" viewBox=\\"0 0 24 24\\" class=\\"\\"><g><polygon points=\\"13.3706831 2 11.5237192 3.84696395 18.0000474 10.3242884 2 10.3242884 2 12.937334 17.9990512 12.937334 11.5237192 19.412666 13.3706831 21.2586338 23 11.6293169\\" transform=\\"translate(12.500000, 11.629317) rotate(-180.000000) translate(-12.500000, -11.629317) \\"></polygon></g></svg></div></div></div><div colSpan=\\"1\\" role=\\"columnheader\\" style=\\"box-sizing:border-box;flex:150 0 auto;min-width:0px;width:150px;cursor:pointer\\" title=\\"Toggle SortBy\\" class=\\"headerCell\\">Yritys<div class=\\"sortArrowWrapper\\"><div class=\\"icon standard small sortArrow sortArrowDown\\"><svg xmlns=\\"http://www.w3.org/2000/svg\\" width=\\"100%\\" height=\\"100%\\" viewBox=\\"0 0 24 24\\" class=\\"\\"><g><polygon points=\\"13.3706831 2 11.5237192 3.84696395 18.0000474 10.3242884 2 10.3242884 2 12.937334 17.9990512 12.937334 11.5237192 19.412666 13.3706831 21.2586338 23 11.6293169\\" transform=\\"translate(12.500000, 11.629317) rotate(-180.000000) translate(-12.500000, -11.629317) \\"></polygon></g></svg></div></div></div><div colSpan=\\"1\\" role=\\"columnheader\\" style=\\"box-sizing:border-box;flex:150 0 auto;min-width:0px;width:150px;cursor:pointer\\" title=\\"Toggle SortBy\\" class=\\"headerCell\\">Aika<div class=\\"sortArrowWrapper\\"><div class=\\"icon standard small sortArrow sortArrowDown\\"><svg xmlns=\\"http://www.w3.org/2000/svg\\" width=\\"100%\\" height=\\"100%\\" viewBox=\\"0 0 24 24\\" class=\\"\\"><g><polygon points=\\"13.3706831 2 11.5237192 3.84696395 18.0000474 10.3242884 2 10.3242884 2 12.937334 17.9990512 12.937334 11.5237192 19.412666 13.3706831 21.2586338 23 11.6293169\\" transform=\\"translate(12.500000, 11.629317) rotate(-180.000000) translate(-12.500000, -11.629317) \\"></polygon></g></svg></div></div></div><div colSpan=\\"1\\" role=\\"columnheader\\" style=\\"box-sizing:border-box;flex:112.5 0 auto;min-width:0px;width:112.5px\\" class=\\"headerCell\\">Muokkaa</div></div></div><div role=\\"rowgroup\\"><div class=\\"rowWrapper\\" role=\\"row\\"><div class=\\"tableCell\\">Ei tietoja</div></div></div></div></div></div></div> </div>"`;

exports[`BerthPricing renders normally 1`] = `"<div class=\\"card\\"><div class=\\"cardHeader\\"><span class=\\"title\\">Venepaikka</span></div><div class=\\"cardBody\\"><article class=\\"section\\"><section class=\\"body\\">Perushinta. Hinnat sisältävät alv 24 %.</section></article><div><div class=\\"tableWrapper\\"><div role=\\"table\\" style=\\"min-width:712.5px\\" class=\\"table basic noMainHeader\\"><div class=\\"stickyHeaders\\"><div role=\\"row\\" style=\\"display:flex;flex:1 0 auto;min-width:0px\\" class=\\"header\\"><div colSpan=\\"1\\" role=\\"columnheader\\" style=\\"box-sizing:border-box;flex:150 0 auto;min-width:0px;width:150px;cursor:pointer\\" title=\\"Toggle SortBy\\" class=\\"headerCell\\">Leveys<div class=\\"sortArrowWrapper\\"><div class=\\"icon standard small sortArrow sortArrowDown\\"><svg xmlns=\\"http://www.w3.org/2000/svg\\" width=\\"100%\\" height=\\"100%\\" viewBox=\\"0 0 24 24\\" class=\\"\\"><g><polygon points=\\"13.3706831 2 11.5237192 3.84696395 18.0000474 10.3242884 2 10.3242884 2 12.937334 17.9990512 12.937334 11.5237192 19.412666 13.3706831 21.2586338 23 11.6293169\\" transform=\\"translate(12.500000, 11.629317) rotate(-180.000000) translate(-12.500000, -11.629317) \\"></polygon></g></svg></div></div></div><div colSpan=\\"1\\" role=\\"columnheader\\" style=\\"box-sizing:border-box;flex:150 0 auto;min-width:0px;width:150px;cursor:pointer\\" title=\\"Toggle SortBy\\" class=\\"headerCell\\">Yksityinen<div class=\\"sortArrowWrapper\\"><div class=\\"icon standard small sortArrow sortArrowDown\\"><svg xmlns=\\"http://www.w3.org/2000/svg\\" width=\\"100%\\" height=\\"100%\\" viewBox=\\"0 0 24 24\\" class=\\"\\"><g><polygon points=\\"13.3706831 2 11.5237192 3.84696395 18.0000474 10.3242884 2 10.3242884 2 12.937334 17.9990512 12.937334 11.5237192 19.412666 13.3706831 21.2586338 23 11.6293169\\" transform=\\"translate(12.500000, 11.629317) rotate(-180.000000) translate(-12.500000, -11.629317) \\"></polygon></g></svg></div></div></div><div colSpan=\\"1\\" role=\\"columnheader\\" style=\\"box-sizing:border-box;flex:150 0 auto;min-width:0px;width:150px;cursor:pointer\\" title=\\"Toggle SortBy\\" class=\\"headerCell\\">Yritys<div class=\\"sortArrowWrapper\\"><div class=\\"icon standard small sortArrow sortArrowDown\\"><svg xmlns=\\"http://www.w3.org/2000/svg\\" width=\\"100%\\" height=\\"100%\\" viewBox=\\"0 0 24 24\\" class=\\"\\"><g><polygon points=\\"13.3706831 2 11.5237192 3.84696395 18.0000474 10.3242884 2 10.3242884 2 12.937334 17.9990512 12.937334 11.5237192 19.412666 13.3706831 21.2586338 23 11.6293169\\" transform=\\"translate(12.500000, 11.629317) rotate(-180.000000) translate(-12.500000, -11.629317) \\"></polygon></g></svg></div></div></div><div colSpan=\\"1\\" role=\\"columnheader\\" style=\\"box-sizing:border-box;flex:150 0 auto;min-width:0px;width:150px;cursor:pointer\\" title=\\"Toggle SortBy\\" class=\\"headerCell\\">Aika<div class=\\"sortArrowWrapper\\"><div class=\\"icon standard small sortArrow sortArrowDown\\"><svg xmlns=\\"http://www.w3.org/2000/svg\\" width=\\"100%\\" height=\\"100%\\" viewBox=\\"0 0 24 24\\" class=\\"\\"><g><polygon points=\\"13.3706831 2 11.5237192 3.84696395 18.0000474 10.3242884 2 10.3242884 2 12.937334 17.9990512 12.937334 11.5237192 19.412666 13.3706831 21.2586338 23 11.6293169\\" transform=\\"translate(12.500000, 11.629317) rotate(-180.000000) translate(-12.500000, -11.629317) \\"></polygon></g></svg></div></div></div><div colSpan=\\"1\\" role=\\"columnheader\\" style=\\"box-sizing:border-box;flex:112.5 0 auto;min-width:0px;width:112.5px\\" class=\\"headerCell\\">Muokkaa</div></div></div><div role=\\"rowgroup\\"><div class=\\"rowWrapper\\"><div role=\\"row\\" style=\\"display:flex;flex:1 0 auto;min-width:0px\\"><div role=\\"cell\\" style=\\"box-sizing:border-box;flex:150 0 auto;min-width:0px;width:150px\\" class=\\"tableCell\\">sed sed debitis</div><div role=\\"cell\\" style=\\"box-sizing:border-box;flex:150 0 auto;min-width:0px;width:150px\\" class=\\"tableCell\\">10,20 €</div><div role=\\"cell\\" style=\\"box-sizing:border-box;flex:150 0 auto;min-width:0px;width:150px\\" class=\\"tableCell\\">20,40 €</div><div role=\\"cell\\" style=\\"box-sizing:border-box;flex:150 0 auto;min-width:0px;width:150px\\" class=\\"tableCell\\">Kausi</div><div role=\\"cell\\" style=\\"box-sizing:border-box;flex:112.5 0 auto;min-width:0px;width:112.5px\\" class=\\"tableCell\\"><button><span class=\\"text brand span\\">Muokkaa</span></button></div></div></div></div></div></div></div></div> </div>"`;
