// Jest Snapshot v1, https://goo.gl/fbAQLP

exports[`HarborServicesFields renders normally 1`] = `"<div class=\\"row\\"><div><div class=\\"formTypeTitleLabel\\">Tietue</div><div class=\\"formTypeTitleValue\\">Satamapalvelut</div></div></div><hr><div class=\\"grid cols1 row\\"><label><span class=\\"labelText\\">Palvelu</span><select name=\\"service\\" class=\\"select\\"><option value=\\"mooring\\">Kiinnitys</option><option value=\\"electricity\\">Sähkö</option><option value=\\"water\\">Vesi</option><option value=\\"wasteCollection\\">Jätehuolto</option><option value=\\"gate\\">Portti</option><option value=\\"lighting\\">Valaistus</option></select></label></div><div class=\\"grid cols2 row\\"><div class=\\"TextInput-module_root__1ceal text-input_hds-text-input__24bl6\\"><label for=\\"price\\" class=\\"TextInput-module_label__1NkZD text-input_hds-text-input__label__1-UoQ \\">Hinta</label><div class=\\"TextInput-module_inputWrapper__1ru3h text-input_hds-text-input__input-wrapper__2p7Uy\\"><input class=\\"TextInput-module_input__35GDy text-input_hds-text-input__input__2XAyI\\" id=\\"price\\" type=\\"text\\" name=\\"price\\" required=\\"\\" value=\\"28\\"></div></div><label><span class=\\"labelText\\">Yksikkö</span><select name=\\"unit\\" class=\\"select\\"><option value=\\"%\\">%</option><option value=\\"€\\">€</option></select></label></div><div class=\\"grid cols2 row\\"><label><span class=\\"labelText\\">Aika</span><select name=\\"period\\" class=\\"select\\"><option value=\\"season\\">Kausi</option><option value=\\"month\\">1 kk</option><option value=\\"year\\">Vuosi</option></select></label></div>"`;
