// Jest Snapshot v1, https://goo.gl/fbAQLP

exports[`HDSToastContainer adds toasts to the container when hdsToast is called 1`] = `"<div><div class=\\"Toastify\\" id=\\"HDSToastContainer\\"><div class=\\"Toastify__toast-container Toastify__toast-container--top-right container\\"><div id=\\"0\\" class=\\"Toastify__toast Toastify__toast--default Toastify__bounce-enter--top-right\\" style=\\"animation-fill-mode: forwards; animation-duration: 750ms;\\"><div role=\\"alert\\" class=\\"Toastify__toast-body\\"><div style=\\"height: 0px; overflow-y: hidden; position: relative;\\"><div class=\\"Notification-module_notification__2hN3H notification_hds-notification__2DQPN Notification-module_error__2sn9y notification_hds-notification--error__3T1Of\\"><div class=\\"Notification-module_label__1bhNu notification_hds-notification__label__2t1lR\\"><span class=\\"Notification-module_icon__1ans7 notification_hds-icon__29HQM\\" aria-hidden=\\"true\\"><svg xmlns=\\"http://www.w3.org/2000/svg\\" width=\\"100%\\" height=\\"100%\\" viewBox=\\"0 0 30 25\\" class=\\"Notification-module_iconWarning__2bF7u notification_hds-icon--warning__BEw15\\"><g fill-rule=\\"evenodd\\"><path fill=\\"none\\" stroke=\\"currentColor\\" stroke-width=\\"2.5\\" d=\\"M16.457 2.108L28.033 20.35a1.8 1.8 0 0 1-1.52 2.765H3.362a1.8 1.8 0 0 1-1.52-2.765l11.576-18.24a1.8 1.8 0 0 1 3.04 0z\\"></path><path d=\\"M16.5 16.916v2.38H14v-2.38h2.5zM16.5 7v7.783H14V7.001L16.5 7z\\"></path></g></svg></span><span class=\\"Notification-module_labelText__1qBt6 helpers_text-bold__1mCMR helpers_text-md__2Td0C\\">labelText</span></div><div class=\\"Notification-module_bodyText__2seBK notification_hds-notification__body__3cobH helpers_text-body__1PMI3\\"><button class=\\"DismissableNotification-module_buttonClose__2HSH1 notification_hds-notification__close-button__1yGIj DismissableNotification-module_error__1lYkg notification_hds-notification--error__3T1Of\\" type=\\"button\\" title=\\"common.closeToast\\" aria-label=\\"common.closeToast\\"><svg xmlns=\\"http://www.w3.org/2000/svg\\" width=\\"100%\\" height=\\"100%\\" viewBox=\\"0 0 15 15\\" class=\\"DismissableNotification-module_iconClose__1JHO3 notification_hds-icon__29HQM\\"><path fill-rule=\\"nonzero\\" d=\\"M13.412 0L15 1.588 9.088 7.5 15 13.412 13.412 15 7.5 9.088 1.588 15 0 13.412 5.911 7.5 0 1.588 1.588 0 7.5 5.912 13.412 0z\\"></path></svg></button>text</div></div></div></div></div></div></div><button id=\\"toastBtn\\"></button></div>"`;

exports[`HDSToastContainer closes toast when the notifications close button is clicked 1`] = `"<div><div class=\\"Toastify\\" id=\\"HDSToastContainer\\"><div class=\\"Toastify__toast-container Toastify__toast-container--top-right container\\"><div id=\\"0\\" class=\\"Toastify__toast Toastify__toast--default Toastify__bounce-enter--top-right\\" style=\\"animation-fill-mode: forwards; animation-duration: 750ms;\\"><div role=\\"alert\\" class=\\"Toastify__toast-body\\"><div style=\\"height: 0px; overflow-y: hidden; position: relative;\\"><div class=\\"Notification-module_notification__2hN3H notification_hds-notification__2DQPN Notification-module_error__2sn9y notification_hds-notification--error__3T1Of\\"><div class=\\"Notification-module_label__1bhNu notification_hds-notification__label__2t1lR\\"><span class=\\"Notification-module_icon__1ans7 notification_hds-icon__29HQM\\" aria-hidden=\\"true\\"><svg xmlns=\\"http://www.w3.org/2000/svg\\" width=\\"100%\\" height=\\"100%\\" viewBox=\\"0 0 30 25\\" class=\\"Notification-module_iconWarning__2bF7u notification_hds-icon--warning__BEw15\\"><g fill-rule=\\"evenodd\\"><path fill=\\"none\\" stroke=\\"currentColor\\" stroke-width=\\"2.5\\" d=\\"M16.457 2.108L28.033 20.35a1.8 1.8 0 0 1-1.52 2.765H3.362a1.8 1.8 0 0 1-1.52-2.765l11.576-18.24a1.8 1.8 0 0 1 3.04 0z\\"></path><path d=\\"M16.5 16.916v2.38H14v-2.38h2.5zM16.5 7v7.783H14V7.001L16.5 7z\\"></path></g></svg></span><span class=\\"Notification-module_labelText__1qBt6 helpers_text-bold__1mCMR helpers_text-md__2Td0C\\">labelText</span></div><div class=\\"Notification-module_bodyText__2seBK notification_hds-notification__body__3cobH helpers_text-body__1PMI3\\"><button class=\\"DismissableNotification-module_buttonClose__2HSH1 notification_hds-notification__close-button__1yGIj DismissableNotification-module_error__1lYkg notification_hds-notification--error__3T1Of\\" type=\\"button\\" title=\\"common.closeToast\\" aria-label=\\"common.closeToast\\"><svg xmlns=\\"http://www.w3.org/2000/svg\\" width=\\"100%\\" height=\\"100%\\" viewBox=\\"0 0 15 15\\" class=\\"DismissableNotification-module_iconClose__1JHO3 notification_hds-icon__29HQM\\"><path fill-rule=\\"nonzero\\" d=\\"M13.412 0L15 1.588 9.088 7.5 15 13.412 13.412 15 7.5 9.088 1.588 15 0 13.412 5.911 7.5 0 1.588 1.588 0 7.5 5.912 13.412 0z\\"></path></svg></button>text</div></div></div></div></div></div></div><button id=\\"toastBtn\\"></button></div>"`;

exports[`HDSToastContainer supports multiple simultaneous toasts 1`] = `"<div><div class=\\"Toastify\\" id=\\"HDSToastContainer\\"><div class=\\"Toastify__toast-container Toastify__toast-container--top-right container\\"><div id=\\"0\\" class=\\"Toastify__toast Toastify__toast--default Toastify__bounce-enter--top-right\\" style=\\"animation-fill-mode: forwards; animation-duration: 750ms;\\"><div role=\\"alert\\" class=\\"Toastify__toast-body\\"><div style=\\"height: auto; overflow-y: hidden; position: relative;\\"><div class=\\"Notification-module_notification__2hN3H notification_hds-notification__2DQPN Notification-module_error__2sn9y notification_hds-notification--error__3T1Of\\"><div class=\\"Notification-module_label__1bhNu notification_hds-notification__label__2t1lR\\"><span class=\\"Notification-module_icon__1ans7 notification_hds-icon__29HQM\\" aria-hidden=\\"true\\"><svg xmlns=\\"http://www.w3.org/2000/svg\\" width=\\"100%\\" height=\\"100%\\" viewBox=\\"0 0 30 25\\" class=\\"Notification-module_iconWarning__2bF7u notification_hds-icon--warning__BEw15\\"><g fill-rule=\\"evenodd\\"><path fill=\\"none\\" stroke=\\"currentColor\\" stroke-width=\\"2.5\\" d=\\"M16.457 2.108L28.033 20.35a1.8 1.8 0 0 1-1.52 2.765H3.362a1.8 1.8 0 0 1-1.52-2.765l11.576-18.24a1.8 1.8 0 0 1 3.04 0z\\"></path><path d=\\"M16.5 16.916v2.38H14v-2.38h2.5zM16.5 7v7.783H14V7.001L16.5 7z\\"></path></g></svg></span><span class=\\"Notification-module_labelText__1qBt6 helpers_text-bold__1mCMR helpers_text-md__2Td0C\\">labelText</span></div><div class=\\"Notification-module_bodyText__2seBK notification_hds-notification__body__3cobH helpers_text-body__1PMI3\\"><button class=\\"DismissableNotification-module_buttonClose__2HSH1 notification_hds-notification__close-button__1yGIj DismissableNotification-module_error__1lYkg notification_hds-notification--error__3T1Of\\" type=\\"button\\" title=\\"common.closeToast\\" aria-label=\\"common.closeToast\\"><svg xmlns=\\"http://www.w3.org/2000/svg\\" width=\\"100%\\" height=\\"100%\\" viewBox=\\"0 0 15 15\\" class=\\"DismissableNotification-module_iconClose__1JHO3 notification_hds-icon__29HQM\\"><path fill-rule=\\"nonzero\\" d=\\"M13.412 0L15 1.588 9.088 7.5 15 13.412 13.412 15 7.5 9.088 1.588 15 0 13.412 5.911 7.5 0 1.588 1.588 0 7.5 5.912 13.412 0z\\"></path></svg></button>text</div></div></div></div></div><div id=\\"1\\" class=\\"Toastify__toast Toastify__toast--default Toastify__bounce-enter--top-right\\" style=\\"animation-fill-mode: forwards; animation-duration: 750ms;\\"><div role=\\"alert\\" class=\\"Toastify__toast-body\\"><div style=\\"height: auto; overflow-y: hidden; position: relative;\\"><div class=\\"Notification-module_notification__2hN3H notification_hds-notification__2DQPN Notification-module_error__2sn9y notification_hds-notification--error__3T1Of\\"><div class=\\"Notification-module_label__1bhNu notification_hds-notification__label__2t1lR\\"><span class=\\"Notification-module_icon__1ans7 notification_hds-icon__29HQM\\" aria-hidden=\\"true\\"><svg xmlns=\\"http://www.w3.org/2000/svg\\" width=\\"100%\\" height=\\"100%\\" viewBox=\\"0 0 30 25\\" class=\\"Notification-module_iconWarning__2bF7u notification_hds-icon--warning__BEw15\\"><g fill-rule=\\"evenodd\\"><path fill=\\"none\\" stroke=\\"currentColor\\" stroke-width=\\"2.5\\" d=\\"M16.457 2.108L28.033 20.35a1.8 1.8 0 0 1-1.52 2.765H3.362a1.8 1.8 0 0 1-1.52-2.765l11.576-18.24a1.8 1.8 0 0 1 3.04 0z\\"></path><path d=\\"M16.5 16.916v2.38H14v-2.38h2.5zM16.5 7v7.783H14V7.001L16.5 7z\\"></path></g></svg></span><span class=\\"Notification-module_labelText__1qBt6 helpers_text-bold__1mCMR helpers_text-md__2Td0C\\">labelText</span></div><div class=\\"Notification-module_bodyText__2seBK notification_hds-notification__body__3cobH helpers_text-body__1PMI3\\"><button class=\\"DismissableNotification-module_buttonClose__2HSH1 notification_hds-notification__close-button__1yGIj DismissableNotification-module_error__1lYkg notification_hds-notification--error__3T1Of\\" type=\\"button\\" title=\\"common.closeToast\\" aria-label=\\"common.closeToast\\"><svg xmlns=\\"http://www.w3.org/2000/svg\\" width=\\"100%\\" height=\\"100%\\" viewBox=\\"0 0 15 15\\" class=\\"DismissableNotification-module_iconClose__1JHO3 notification_hds-icon__29HQM\\"><path fill-rule=\\"nonzero\\" d=\\"M13.412 0L15 1.588 9.088 7.5 15 13.412 13.412 15 7.5 9.088 1.588 15 0 13.412 5.911 7.5 0 1.588 1.588 0 7.5 5.912 13.412 0z\\"></path></svg></button>text</div></div></div></div></div></div></div><button id=\\"toastBtn\\"></button></div>"`;
