// Jest Snapshot v1, https://goo.gl/fbAQLP

exports[`winterStorageApplicationList utils getWinterStorageApplicationData correctly parses response data 1`] = `
Array [
  Object {
    "applicationCode": "",
    "boatLength": 1,
    "boatModel": "test",
    "boatName": "test",
    "boatRegistrationNumber": "test",
    "boatType": "Perämoottorivene",
    "boatWidth": 1,
    "choices": Array [
      Object {
        "priority": 1,
        "winterStorageArea": "Iso-Sarvasto",
        "winterStorageAreaName": "Iso-Sarvasto",
      },
      Object {
        "priority": 2,
        "winterStorageArea": "Rajasaari",
        "winterStorageAreaName": "Rajasaari",
      },
    ],
    "createdAt": "2019-05-06T10:54:21.746387+00:00",
    "customerId": undefined,
    "firstName": "Testi",
    "id": "V2ludGVyU3RvcmFnZUFwcGxpY2F0aW9uTm9kZTox",
    "lastName": "Testinen",
    "municipality": "helsinki",
    "queue": 0,
    "status": "PENDING",
  },
  Object {
    "applicationCode": "code",
    "boatLength": 1,
    "boatModel": "test",
    "boatName": "test",
    "boatRegistrationNumber": "test",
    "boatType": "Sisäperämoottorivene",
    "boatWidth": 1,
    "choices": Array [
      Object {
        "priority": 1,
        "winterStorageArea": "Iso-Sarvasto",
        "winterStorageAreaName": "Iso-Sarvasto",
      },
    ],
    "createdAt": "2019-05-06T12:30:10.157726+00:00",
    "customerId": undefined,
    "firstName": "Testi",
    "id": "V2ludGVyU3RvcmFnZUFwcGxpY2F0aW9uTm9kZToy",
    "lastName": "Testinen",
    "municipality": "helsinki",
    "queue": 0,
    "status": "PENDING",
  },
  Object {
    "applicationCode": "",
    "boatLength": 1,
    "boatModel": "test",
    "boatName": "test",
    "boatRegistrationNumber": "test",
    "boatType": "Sisäperämoottorivene",
    "boatWidth": 1,
    "choices": Array [
      Object {
        "priority": 1,
        "winterStorageArea": "Iso-Sarvasto",
        "winterStorageAreaName": "Iso-Sarvasto",
      },
    ],
    "createdAt": "2019-05-06T12:30:27.609740+00:00",
    "customerId": undefined,
    "firstName": "Testi",
    "id": "V2ludGVyU3RvcmFnZUFwcGxpY2F0aW9uTm9kZToz",
    "lastName": "Testinen",
    "municipality": "helsinki",
    "queue": 0,
    "status": "PENDING",
  },
  Object {
    "applicationCode": "",
    "boatLength": 1,
    "boatModel": "test",
    "boatName": "test",
    "boatRegistrationNumber": "test",
    "boatType": "Jollavene",
    "boatWidth": 1,
    "choices": Array [],
    "createdAt": "2019-05-06T13:07:28.521970+00:00",
    "customerId": undefined,
    "firstName": "Testi",
    "id": "V2ludGVyU3RvcmFnZUFwcGxpY2F0aW9uTm9kZTo1",
    "lastName": "Testinen",
    "municipality": "helsinki",
    "queue": 0,
    "status": "PENDING",
  },
  Object {
    "applicationCode": "",
    "boatLength": 1,
    "boatModel": "test",
    "boatName": "test",
    "boatRegistrationNumber": "test",
    "boatType": "Jollavene",
    "boatWidth": 1,
    "choices": Array [],
    "createdAt": "2019-05-06T13:08:28.383257+00:00",
    "customerId": undefined,
    "firstName": "Testi",
    "id": "V2ludGVyU3RvcmFnZUFwcGxpY2F0aW9uTm9kZTo2",
    "lastName": "Testinen",
    "municipality": "helsinki",
    "queue": 0,
    "status": "PENDING",
  },
  Object {
    "applicationCode": "",
    "boatLength": 1,
    "boatModel": "test",
    "boatName": "test",
    "boatRegistrationNumber": "test",
    "boatType": "Jollavene",
    "boatWidth": 1,
    "choices": Array [],
    "createdAt": "2019-05-06T13:08:38.133569+00:00",
    "customerId": undefined,
    "firstName": "Testi",
    "id": "V2ludGVyU3RvcmFnZUFwcGxpY2F0aW9uTm9kZTo3",
    "lastName": "Testinen",
    "municipality": "helsinki",
    "queue": 0,
    "status": "PENDING",
  },
  Object {
    "applicationCode": "code",
    "boatLength": 1,
    "boatModel": "test",
    "boatName": "test",
    "boatRegistrationNumber": "test",
    "boatType": "Jollavene",
    "boatWidth": 1,
    "choices": Array [],
    "createdAt": "2019-05-06T13:09:44.953722+00:00",
    "customerId": undefined,
    "firstName": "Testi",
    "id": "V2ludGVyU3RvcmFnZUFwcGxpY2F0aW9uTm9kZTo4",
    "lastName": "Testinen",
    "municipality": "helsinki",
    "queue": 0,
    "status": "PENDING",
  },
  Object {
    "applicationCode": "",
    "boatLength": 1,
    "boatModel": "test",
    "boatName": "test",
    "boatRegistrationNumber": "test",
    "boatType": "Jollavene",
    "boatWidth": 1,
    "choices": Array [],
    "createdAt": "2019-05-06T13:09:56.820368+00:00",
    "customerId": undefined,
    "firstName": "Testi",
    "id": "V2ludGVyU3RvcmFnZUFwcGxpY2F0aW9uTm9kZTo5",
    "lastName": "Testinen",
    "municipality": "helsinki",
    "queue": 0,
    "status": "PENDING",
  },
  Object {
    "applicationCode": "",
    "boatLength": 1,
    "boatModel": "test",
    "boatName": "test",
    "boatRegistrationNumber": "test",
    "boatType": "Jollavene",
    "boatWidth": 1,
    "choices": Array [],
    "createdAt": "2019-05-06T13:12:02.766890+00:00",
    "customerId": undefined,
    "firstName": "Testi",
    "id": "V2ludGVyU3RvcmFnZUFwcGxpY2F0aW9uTm9kZToxMA==",
    "lastName": "Testinen",
    "municipality": "helsinki",
    "queue": 0,
    "status": "PENDING",
  },
  Object {
    "applicationCode": "",
    "boatLength": 1,
    "boatModel": "test",
    "boatName": "test",
    "boatRegistrationNumber": "test",
    "boatType": "Jollavene",
    "boatWidth": 1,
    "choices": Array [],
    "createdAt": "2019-05-07T18:29:18.066260+00:00",
    "customerId": undefined,
    "firstName": "Testi",
    "id": "V2ludGVyU3RvcmFnZUFwcGxpY2F0aW9uTm9kZToxMQ==",
    "lastName": "Testinen",
    "municipality": "helsinki",
    "queue": 0,
    "status": "PENDING",
  },
]
`;
