// Jest Snapshot v1, https://goo.gl/fbAQLP

exports[`BerthLeasesCard renders normally 1`] = `
<div
  class="card"
>
  <div
    class="cardHeader"
  >
    <span
      class="title"
    >
      VENEPAIKAT
    </span>
  </div>
  <div
    class="cardBody"
  >
    <span
      class="StatusLabel-module_statusLabel__3R2J2 status-label_hds-status-label__1L8YI status"
    >
      Luotu
    </span>
    <article
      class="section"
    >
      <h4
        class="text standard h4 m title"
      >
        VENEPAIKKA
      </h4>
      <section
        class="body"
      >
        <div
          class="labelValuePair"
        >
          <span
            class="label standard"
          >
            Satama ja paikka:
          </span>
          <span
            class="value left"
          >
            <a
              class="internalLink brand"
              href="#/harbors/MOCK-HARBOR-1"
              title="Pursilahdenranta 7G 1"
            >
              Pursilahdenranta 7G 1
            </a>
          </span>
        </div>
        <div
          class="labelValuePair"
        >
          <span
            class="label standard"
          >
            Pituus:
          </span>
          <span
            class="value left"
          >
            6,0 m
          </span>
        </div>
        <div
          class="labelValuePair"
        >
          <span
            class="label standard"
          >
            Leveys:
          </span>
          <span
            class="value left"
          >
            3,0 m
          </span>
        </div>
        <div
          class="labelValuePair"
        >
          <span
            class="label standard"
          >
            Syvyys:
          </span>
          <span
            class="value left"
          >
            6,0 m
          </span>
        </div>
        <div
          class="labelValuePair"
        >
          <span
            class="label standard"
          >
            Kiinnitystapa:
          </span>
          <span
            class="value left"
          >
            Aisapaikka
          </span>
        </div>
        <div
          class="labelValuePair"
        >
          <span
            class="label standard"
          >
            Voimassa:
          </span>
          <span
            class="value left"
          >
            14.06.2019 - 10.09.2019
          </span>
        </div>
      </section>
    </article>
    <div>
      Mocked
    </div>
  </div>
  <div
    class="cardBody"
  >
    <span
      class="StatusLabel-module_statusLabel__3R2J2 status-label_hds-status-label__1L8YI StatusLabel-module_error__zNgn8 status-label_hds-status-label--error__2EYi4 status"
    >
      Irtisanottu
    </span>
    <article
      class="section"
    >
      <h4
        class="text standard h4 m title"
      >
        VENEPAIKKA
      </h4>
      <section
        class="body"
      >
        <div
          class="labelValuePair"
        >
          <span
            class="label standard"
          >
            Satama ja paikka:
          </span>
          <span
            class="value left"
          >
            <a
              class="internalLink brand"
              href="#/harbors/MOCK-HARBOR-2"
              title="Telakkakatu 1 A 1"
            >
              Telakkakatu 1 A 1
            </a>
          </span>
        </div>
        <div
          class="labelValuePair"
        >
          <span
            class="label standard"
          >
            Pituus:
          </span>
          <span
            class="value left"
          >
            6,0 m
          </span>
        </div>
        <div
          class="labelValuePair"
        >
          <span
            class="label standard"
          >
            Leveys:
          </span>
          <span
            class="value left"
          >
            3,0 m
          </span>
        </div>
        <div
          class="labelValuePair"
        >
          <span
            class="label standard"
          >
            Syvyys:
          </span>
          <span
            class="value left"
          >
            -
          </span>
        </div>
        <div
          class="labelValuePair"
        >
          <span
            class="label standard"
          >
            Kiinnitystapa:
          </span>
          <span
            class="value left"
          >
            Kävelyaisapaikka
          </span>
        </div>
        <div
          class="labelValuePair"
        >
          <span
            class="label standard"
          >
            Voimassa:
          </span>
          <span
            class="value left"
          >
            20.05.2019 - 15.06.2020
          </span>
        </div>
      </section>
    </article>
    <div>
      Mocked
    </div>
  </div>
  <div
    class="cardBody createLease"
  >
    <button>
      <span
        class="text brand span"
      >
        Lisää uusi
      </span>
    </button>
  </div>
   
</div>
`;
