// Jest Snapshot v1, https://goo.gl/fbAQLP

exports[`common/Card render Card component 1`] = `"<div style=\\"width:100%\\"><div class=\\"container\\"><h1>dummy</h1></div></div>"`;
