// Jest Snapshot v1, https://goo.gl/fbAQLP

exports[`utils getAllPiersIdentifiers should return pier tabs 1`] = `
Array [
  Object {
    "disabled": false,
    "label": "pier",
    "value": "pier",
  },
]
`;

exports[`utils getHarbor should return harbor 1`] = `
Object {
  "imageUrl": "https://venepaikat-api.test.hel.ninja/media/harbors/9a8d8313-eaa2-47d2-8f2d-2bb9893f9bc7/41359.jpg",
  "municipality": "Helsinki",
  "name": "Pajalahden venesatama (Meripuistotie) / Venesatama",
  "properties": Object {
    "electricity": true,
    "gate": true,
    "lighting": true,
    "maxWidth": 4,
    "numberOfFreePlaces": 2,
    "numberOfPlaces": 4,
    "queue": 0,
    "wasteCollection": true,
    "water": true,
  },
  "servicemapId": "41359",
  "streetAddress": "Meripuistotie 1a",
  "zipCode": "00210",
}
`;

exports[`utils getOfferData should return offer data 1`] = `
Array [
  Object {
    "berth": "1",
    "berthId": "1",
    "comment": "No comments",
    "draught": 5,
    "harbor": "Pajalahden venesatama (Meripuistotie) / Venesatama",
    "harborId": "SGFyYm9yTm9kZTpmN2M2YTQwZjAtOWViMi0zZjgyMTI0YjY0OGI=",
    "id": "1",
    "isActive": true,
    "leases": Array [
      Object {
        "customer": Object {
          "id": "1",
        },
        "endDate": null,
        "isActive": true,
        "startDate": null,
        "status": "PAID",
      },
    ],
    "length": 10,
    "mooringType": "DINGHY_PLACE",
    "pier": "pier",
    "properties": Object {
      "electricity": true,
      "gate": true,
      "isAccessible": true,
      "lighting": true,
      "wasteCollection": true,
      "water": true,
    },
    "width": 5,
  },
]
`;
