// Jest Snapshot v1, https://goo.gl/fbAQLP

exports[`BillModal renders correctly 1`] = `
<div
  class="ReactModal__Overlay ReactModal__Overlay--after-open overlay"
>
  <div
    class="ReactModal__Content ReactModal__Content--after-open modal"
    role="dialog"
    tabindex="-1"
  >
    <h4
      class="text brand h4 heading"
    >
      LASKU
    </h4>
    <article
      class="section"
    >
      <section
        class="body"
      >
        <div
          class="labelValuePair"
        >
          <span
            class="label standard"
          >
            Laskun aihe:
          </span>
          <span
            class="value left"
          >
            Venepaikan vuokra
          </span>
        </div>
        <div
          class="labelValuePair"
        >
          <span
            class="label standard"
          >
            Venepaikka:
          </span>
          <span
            class="value left"
          >
            Aurinkolahden venesatama (Aurinkoranta) C 1
          </span>
        </div>
        <div
          class="labelValuePair"
        >
          <span
            class="label standard"
          >
            Sopimuskausi:
          </span>
          <span
            class="value left"
          >
            26.06.2020 - 14.09.2020
          </span>
        </div>
        <div
          class="labelValuePair"
        >
          <span
            class="label standard"
          >
            Eräpäivä:
          </span>
          <span
            class="value left"
          >
            10.07.2020
          </span>
        </div>
        <div
          class="labelValuePair"
        >
          <span
            class="label standard"
          >
            Laskun tila:
          </span>
          <span
            class="value left"
          >
            Odottaa maksua
          </span>
        </div>
      </section>
    </article>
    <hr
      class="divider"
    />
    <article
      class="section"
    >
      <section
        class="body"
      >
        <div
          class="labelValuePair"
        >
          <span
            class="label standard"
          >
            Perushinta:
          </span>
          <span
            class="value left"
          >
            24%  96,67 €
          </span>
        </div>
        <div
          class="labelValuePair"
        >
          <span
            class="label standard"
          >
            Sähkö:
          </span>
          <span
            class="value left"
          >
            24%  20,50 €
          </span>
        </div>
        <div
          class="labelValuePair"
        >
          <span
            class="label standard"
          >
            Vesi:
          </span>
          <span
            class="value left"
          >
            24%  19,33 €
          </span>
        </div>
        <div
          class="labelValuePair"
        >
          <span
            class="label standard"
          >
            Portti:
          </span>
          <span
            class="value left"
          >
            24%  02,42 €
          </span>
        </div>
        <div
          class="labelValuePair"
        >
          <span
            class="label standard"
          >
            Kiinnitys:
          </span>
          <span
            class="value left"
          >
            24%  08,33 €
          </span>
        </div>
        <div
          class="labelValuePair"
        >
          <span
            class="label standard"
          >
            Jätehuolto:
          </span>
          <span
            class="value left"
          >
            24%  04,17 €
          </span>
        </div>
        <div
          class="labelValuePair"
        >
          <span
            class="label standard"
          >
            Valaistus:
          </span>
          <span
            class="value left"
          >
            24%  40,28 €
          </span>
        </div>
      </section>
    </article>
    <hr
      class="divider"
    />
    <article
      class="section"
    >
      <section
        class="body"
      >
        <div
          class="labelValuePair"
        >
          <span
            class="label standard"
          >
            YHTEENSÄ:
          </span>
          <span
            class="value left"
          >
            19.36%  191,70 €
          </span>
        </div>
      </section>
    </article>
    <div
      class="closeButtonContainer"
    >
      <button
        class="Button-module_button__3wgee button_hds-button__2A0je Button-module_primary__3bo_T button_hds-button--primary__2NVvO Button-module_theme-coat__2xA5D button_hds-button--theme-coat__12cO0"
        type="button"
      >
        <span
          class="Button-module_label__2zMLC button_hds-button__label__2EQa-"
        >
          Sulje
        </span>
      </button>
    </div>
  </div>
</div>
`;
