// Jest Snapshot v1, https://goo.gl/fbAQLP

exports[`TableHeader renders normally 1`] = `"<button class=\\"filterBtn\\">Kaikki</button><button class=\\"filterBtn\\">A</button><button class=\\"filterBtn\\">B</button>"`;
