// Jest Snapshot v1, https://goo.gl/fbAQLP

exports[`AdditionalServicePricing renders noData message when there is no data 1`] = `"<div class=\\"card\\"><div class=\\"cardHeader\\"><span class=\\"title\\">Lisäpalvelut</span></div><div class=\\"cardBody\\"><div><div class=\\"tableWrapper\\"><div role=\\"table\\" style=\\"min-width: 600px;\\" class=\\"table basic noMainHeader\\"><div class=\\"stickyHeaders\\"><div role=\\"row\\" style=\\"display: flex; flex: 1 0 auto; min-width: 0px;\\" class=\\"header\\"><div colspan=\\"1\\" role=\\"columnheader\\" style=\\"box-sizing: border-box; flex: 225 0 auto; min-width: 0px; width: 225px; cursor: pointer;\\" title=\\"Toggle SortBy\\" class=\\"headerCell\\">Palvelu<div class=\\"sortArrowWrapper\\"><svg class=\\"Icon-module_icon__1Jtzj icon_hds-icon__1YqNC Icon-module_m__3edUY icon_hds-icon--size-m__1mcHv sortArrow sortArrowDown\\" viewBox=\\"0 0 24 24\\" xmlns=\\"http://www.w3.org/2000/svg\\"><g fill=\\"none\\" fill-rule=\\"evenodd\\"><path d=\\"M0 0h24v24H0z\\"></path><path fill=\\"currentColor\\" d=\\"M10 5.636l1.414 1.414L7.465 11H20v2H7.464l3.95 3.95L10 18.364 3.636 12z\\"></path></g></svg></div></div><div colspan=\\"1\\" role=\\"columnheader\\" style=\\"box-sizing: border-box; flex: 75 0 auto; min-width: 0px; width: 75px; cursor: pointer;\\" title=\\"Toggle SortBy\\" class=\\"headerCell\\">Hinta<div class=\\"sortArrowWrapper\\"><svg class=\\"Icon-module_icon__1Jtzj icon_hds-icon__1YqNC Icon-module_m__3edUY icon_hds-icon--size-m__1mcHv sortArrow sortArrowDown\\" viewBox=\\"0 0 24 24\\" xmlns=\\"http://www.w3.org/2000/svg\\"><g fill=\\"none\\" fill-rule=\\"evenodd\\"><path d=\\"M0 0h24v24H0z\\"></path><path fill=\\"currentColor\\" d=\\"M10 5.636l1.414 1.414L7.465 11H20v2H7.464l3.95 3.95L10 18.364 3.636 12z\\"></path></g></svg></div></div><div colspan=\\"1\\" role=\\"columnheader\\" style=\\"box-sizing: border-box; flex: 75 0 auto; min-width: 0px; width: 75px; cursor: pointer;\\" title=\\"Toggle SortBy\\" class=\\"headerCell\\">ALV<div class=\\"sortArrowWrapper\\"><svg class=\\"Icon-module_icon__1Jtzj icon_hds-icon__1YqNC Icon-module_m__3edUY icon_hds-icon--size-m__1mcHv sortArrow sortArrowDown\\" viewBox=\\"0 0 24 24\\" xmlns=\\"http://www.w3.org/2000/svg\\"><g fill=\\"none\\" fill-rule=\\"evenodd\\"><path d=\\"M0 0h24v24H0z\\"></path><path fill=\\"currentColor\\" d=\\"M10 5.636l1.414 1.414L7.465 11H20v2H7.464l3.95 3.95L10 18.364 3.636 12z\\"></path></g></svg></div></div><div colspan=\\"1\\" role=\\"columnheader\\" style=\\"box-sizing: border-box; flex: 112.5 0 auto; min-width: 0px; width: 112.5px; cursor: pointer;\\" title=\\"Toggle SortBy\\" class=\\"headerCell\\">Aika<div class=\\"sortArrowWrapper\\"><svg class=\\"Icon-module_icon__1Jtzj icon_hds-icon__1YqNC Icon-module_m__3edUY icon_hds-icon--size-m__1mcHv sortArrow sortArrowDown\\" viewBox=\\"0 0 24 24\\" xmlns=\\"http://www.w3.org/2000/svg\\"><g fill=\\"none\\" fill-rule=\\"evenodd\\"><path d=\\"M0 0h24v24H0z\\"></path><path fill=\\"currentColor\\" d=\\"M10 5.636l1.414 1.414L7.465 11H20v2H7.464l3.95 3.95L10 18.364 3.636 12z\\"></path></g></svg></div></div><div colspan=\\"1\\" role=\\"columnheader\\" style=\\"box-sizing: border-box; flex: 112.5 0 auto; min-width: 0px; width: 112.5px;\\" class=\\"headerCell\\">Muokkaa</div></div></div><div role=\\"rowgroup\\"><div class=\\"rowWrapper\\" role=\\"row\\"><div class=\\"tableCell\\">Ei tietoja</div></div></div></div></div></div></div> </div>"`;

exports[`AdditionalServicePricing renders normally 1`] = `"<div class=\\"card\\"><div class=\\"cardHeader\\"><span class=\\"title\\">Lisäpalvelut</span></div><div class=\\"cardBody\\"><div><div class=\\"tableWrapper\\"><div role=\\"table\\" style=\\"min-width: 600px;\\" class=\\"table basic noMainHeader\\"><div class=\\"stickyHeaders\\"><div role=\\"row\\" style=\\"display: flex; flex: 1 0 auto; min-width: 0px;\\" class=\\"header\\"><div colspan=\\"1\\" role=\\"columnheader\\" style=\\"box-sizing: border-box; flex: 225 0 auto; min-width: 0px; width: 225px; cursor: pointer;\\" title=\\"Toggle SortBy\\" class=\\"headerCell\\">Palvelu<div class=\\"sortArrowWrapper\\"><svg class=\\"Icon-module_icon__1Jtzj icon_hds-icon__1YqNC Icon-module_m__3edUY icon_hds-icon--size-m__1mcHv sortArrow sortArrowDown\\" viewBox=\\"0 0 24 24\\" xmlns=\\"http://www.w3.org/2000/svg\\"><g fill=\\"none\\" fill-rule=\\"evenodd\\"><path d=\\"M0 0h24v24H0z\\"></path><path fill=\\"currentColor\\" d=\\"M10 5.636l1.414 1.414L7.465 11H20v2H7.464l3.95 3.95L10 18.364 3.636 12z\\"></path></g></svg></div></div><div colspan=\\"1\\" role=\\"columnheader\\" style=\\"box-sizing: border-box; flex: 75 0 auto; min-width: 0px; width: 75px; cursor: pointer;\\" title=\\"Toggle SortBy\\" class=\\"headerCell\\">Hinta<div class=\\"sortArrowWrapper\\"><svg class=\\"Icon-module_icon__1Jtzj icon_hds-icon__1YqNC Icon-module_m__3edUY icon_hds-icon--size-m__1mcHv sortArrow sortArrowDown\\" viewBox=\\"0 0 24 24\\" xmlns=\\"http://www.w3.org/2000/svg\\"><g fill=\\"none\\" fill-rule=\\"evenodd\\"><path d=\\"M0 0h24v24H0z\\"></path><path fill=\\"currentColor\\" d=\\"M10 5.636l1.414 1.414L7.465 11H20v2H7.464l3.95 3.95L10 18.364 3.636 12z\\"></path></g></svg></div></div><div colspan=\\"1\\" role=\\"columnheader\\" style=\\"box-sizing: border-box; flex: 75 0 auto; min-width: 0px; width: 75px; cursor: pointer;\\" title=\\"Toggle SortBy\\" class=\\"headerCell\\">ALV<div class=\\"sortArrowWrapper\\"><svg class=\\"Icon-module_icon__1Jtzj icon_hds-icon__1YqNC Icon-module_m__3edUY icon_hds-icon--size-m__1mcHv sortArrow sortArrowDown\\" viewBox=\\"0 0 24 24\\" xmlns=\\"http://www.w3.org/2000/svg\\"><g fill=\\"none\\" fill-rule=\\"evenodd\\"><path d=\\"M0 0h24v24H0z\\"></path><path fill=\\"currentColor\\" d=\\"M10 5.636l1.414 1.414L7.465 11H20v2H7.464l3.95 3.95L10 18.364 3.636 12z\\"></path></g></svg></div></div><div colspan=\\"1\\" role=\\"columnheader\\" style=\\"box-sizing: border-box; flex: 112.5 0 auto; min-width: 0px; width: 112.5px; cursor: pointer;\\" title=\\"Toggle SortBy\\" class=\\"headerCell\\">Aika<div class=\\"sortArrowWrapper\\"><svg class=\\"Icon-module_icon__1Jtzj icon_hds-icon__1YqNC Icon-module_m__3edUY icon_hds-icon--size-m__1mcHv sortArrow sortArrowDown\\" viewBox=\\"0 0 24 24\\" xmlns=\\"http://www.w3.org/2000/svg\\"><g fill=\\"none\\" fill-rule=\\"evenodd\\"><path d=\\"M0 0h24v24H0z\\"></path><path fill=\\"currentColor\\" d=\\"M10 5.636l1.414 1.414L7.465 11H20v2H7.464l3.95 3.95L10 18.364 3.636 12z\\"></path></g></svg></div></div><div colspan=\\"1\\" role=\\"columnheader\\" style=\\"box-sizing: border-box; flex: 112.5 0 auto; min-width: 0px; width: 112.5px;\\" class=\\"headerCell\\">Muokkaa</div></div></div><div role=\\"rowgroup\\"><div class=\\"rowWrapper\\"><div role=\\"row\\" style=\\"display: flex; flex: 1 0 auto; min-width: 0px;\\"><div role=\\"cell\\" style=\\"box-sizing: border-box; flex: 225 0 auto; min-width: 0px; width: 225px;\\" class=\\"tableCell\\">Jollapaikka</div><div role=\\"cell\\" style=\\"box-sizing: border-box; flex: 75 0 auto; min-width: 0px; width: 75px;\\" class=\\"tableCell\\">10,00&nbsp;€</div><div role=\\"cell\\" style=\\"box-sizing: border-box; flex: 75 0 auto; min-width: 0px; width: 75px;\\" class=\\"tableCell\\">24&nbsp;%</div><div role=\\"cell\\" style=\\"box-sizing: border-box; flex: 112.5 0 auto; min-width: 0px; width: 112.5px;\\" class=\\"tableCell\\">Kausi</div><div role=\\"cell\\" style=\\"box-sizing: border-box; flex: 112.5 0 auto; min-width: 0px; width: 112.5px;\\" class=\\"tableCell\\"><button><span class=\\"text brand span\\">Muokkaa</span></button></div></div></div></div></div></div></div></div> </div>"`;
