// Jest Snapshot v1, https://goo.gl/fbAQLP

exports[`BoatForm renders correctly 1`] = `
<form
  class="form"
>
  <div
    class="heading"
  >
    <h4
      class="text brand h4 titleText"
    >
      Veneen tiedot
    </h4>
  </div>
  <div
    class="Dropdown-module_root__2LI4- select"
  >
    <label
      class="FieldLabel-module_label__2tl-4 text-input_hds-text-input__label__pDw_W "
      for="boatType.id-toggle-button"
      id="boatType.id-label"
    >
      Veneen tyyppi
      <span
        class="RequiredIndicator-module_indicator__Pt7GX"
      >
        *
      </span>
    </label>
    <div
      class="Dropdown-module_wrapper__1oIw5"
    >
      <button
        aria-expanded="false"
        aria-haspopup="listbox"
        aria-labelledby="boatType.id-label boatType.id-toggle-button"
        class="Dropdown-module_buttonDropdown__IwbnQ Dropdown-module_dropdown__22ZdF"
        id="boatType.id-toggle-button"
        type="button"
      >
        <span
          class="Dropdown-module_buttonLabel__2jVRU"
        >
          Purjevene
        </span>
        <svg
          class="Icon-module_icon__1Jtzj icon_hds-icon__1YqNC Icon-module_s__2WGWe icon_hds-icon--size-s__2Lkik Dropdown-module_angleIcon__1Y1mT"
          viewBox="0 0 24 24"
          xmlns="http://www.w3.org/2000/svg"
        >
          <g
            fill="none"
            fill-rule="evenodd"
          >
            <path
              d="M0 0h24v24H0z"
            />
            <path
              d="M12 13.5l5-5 1.5 1.5-6.5 6.5L5.5 10 7 8.5z"
              fill="currentColor"
            />
          </g>
        </svg>
      </button>
    </div>
    <ul
      aria-labelledby="boatType.id-label"
      class="Dropdown-module_menu__3rei6"
      id="boatType.id-menu"
      role="listbox"
      style="max-height: calc(var(--dropdown-height) * 5);"
      tabindex="-1"
    />
  </div>
  <div
    class="TextInput-module_root__1ceal text-input_hds-text-input__24bl6"
  >
    <label
      class="FieldLabel-module_label__2tl-4 text-input_hds-text-input__label__pDw_W "
      for="name"
    >
      Rekisterinumero
    </label>
    <div
      class="TextInput-module_inputWrapper__1ru3h text-input_hds-text-input__input-wrapper__2p7Uy"
    >
      <input
        class="TextInput-module_input__35GDy text-input_hds-text-input__input__2XAyI"
        id="name"
        type="text"
        value="123456"
      />
    </div>
  </div>
  <hr />
  <div
    class="horizontal"
  >
    <div
      class="TextInput-module_root__1ceal text-input_hds-text-input__24bl6"
    >
      <label
        class="FieldLabel-module_label__2tl-4 text-input_hds-text-input__label__pDw_W "
        for="width"
      >
        Leveys (m)
      </label>
      <div
        class="TextInput-module_inputWrapper__1ru3h text-input_hds-text-input__input-wrapper__2p7Uy"
      >
        <input
          class="TextInput-module_input__35GDy text-input_hds-text-input__input__2XAyI"
          id="width"
          type="text"
          value="1"
        />
      </div>
    </div>
    <div
      class="TextInput-module_root__1ceal text-input_hds-text-input__24bl6"
    >
      <label
        class="FieldLabel-module_label__2tl-4 text-input_hds-text-input__label__pDw_W "
        for="length"
      >
        Pituus (m)
      </label>
      <div
        class="TextInput-module_inputWrapper__1ru3h text-input_hds-text-input__input-wrapper__2p7Uy"
      >
        <input
          class="TextInput-module_input__35GDy text-input_hds-text-input__input__2XAyI"
          id="length"
          type="text"
          value="1"
        />
      </div>
    </div>
    <div
      class="TextInput-module_root__1ceal text-input_hds-text-input__24bl6"
    >
      <label
        class="FieldLabel-module_label__2tl-4 text-input_hds-text-input__label__pDw_W "
        for="draught"
      >
        Syv√§ys (m)
      </label>
      <div
        class="TextInput-module_inputWrapper__1ru3h text-input_hds-text-input__input-wrapper__2p7Uy"
      >
        <input
          class="TextInput-module_input__35GDy text-input_hds-text-input__input__2XAyI"
          id="draught"
          type="text"
          value="1"
        />
      </div>
    </div>
    <div
      class="TextInput-module_root__1ceal text-input_hds-text-input__24bl6"
    >
      <label
        class="FieldLabel-module_label__2tl-4 text-input_hds-text-input__label__pDw_W "
        for="weight"
      >
        Paino (kg)
      </label>
      <div
        class="TextInput-module_inputWrapper__1ru3h text-input_hds-text-input__input-wrapper__2p7Uy"
      >
        <input
          class="TextInput-module_input__35GDy text-input_hds-text-input__input__2XAyI"
          id="weight"
          type="text"
          value="1"
        />
      </div>
    </div>
  </div>
  <hr />
  <div
    class="TextInput-module_root__1ceal text-input_hds-text-input__24bl6"
  >
    <label
      class="FieldLabel-module_label__2tl-4 text-input_hds-text-input__label__pDw_W "
      for="name"
    >
      Nimi
    </label>
    <div
      class="TextInput-module_inputWrapper__1ru3h text-input_hds-text-input__input-wrapper__2p7Uy"
    >
      <input
        class="TextInput-module_input__35GDy text-input_hds-text-input__input__2XAyI"
        id="name"
        type="text"
        value="name"
      />
    </div>
  </div>
  <div
    class="TextInput-module_root__1ceal text-input_hds-text-input__24bl6"
  >
    <label
      class="FieldLabel-module_label__2tl-4 text-input_hds-text-input__label__pDw_W "
      for="model"
    >
      Merkki
    </label>
    <div
      class="TextInput-module_inputWrapper__1ru3h text-input_hds-text-input__input-wrapper__2p7Uy"
    >
      <input
        class="TextInput-module_input__35GDy text-input_hds-text-input__input__2XAyI"
        id="model"
        type="text"
        value="model"
      />
    </div>
  </div>
  <div
    class="formActionButtons"
  >
    <button
      class="Button-module_button__3wgee button_hds-button__2A0je Button-module_secondary__399Vd button_hds-button--secondary__1NOWS Button-module_theme-black__zO4WO button_hds-button--theme-black__3K_k4"
      color="supplementary"
      type="button"
    >
      <span
        class="Button-module_label__2zMLC button_hds-button__label__2EQa-"
      >
        Peruuta
      </span>
    </button>
    <button
      class="Button-module_button__3wgee button_hds-button__2A0je Button-module_primary__3bo_T button_hds-button--primary__2NVvO Button-module_theme-coat__2xA5D button_hds-button--theme-coat__12cO0"
      type="submit"
    >
      <span
        class="Button-module_label__2zMLC button_hds-button__label__2EQa-"
      >
        Tallenna
      </span>
    </button>
  </div>
</form>
`;
