// Jest Snapshot v1, https://goo.gl/fbAQLP

exports[`Property renders normally 1`] = `"<div class=\\"property\\"><div class=\\"icon large standard\\"><svg class=\\"shape\\">fence.svg</svg></div><strong class=\\"text standard strong s\\">Test</strong></div>"`;
