// Jest Snapshot v1, https://goo.gl/fbAQLP

exports[`WinterStoragePricingFields renders normally 1`] = `"<form action=\\"#\\"><div class=\\"row\\"><div class=\\"formTitle\\"><div class=\\"formTitleLabel\\">Tietue</div><div class=\\"formTitleValue\\">Talvisäilytyspaikka</div></div></div><hr/><div class=\\"grid cols2 row\\"><label><span class=\\"labelText\\">Alue</span><select name=\\"area\\" id=\\"area\\" class=\\"select\\"><option selected=\\"\\" value=\\"Kaisaniemi\\">Kaisaniemi</option></select></label></div><div class=\\"grid cols2 row\\"><div class=\\"_1cealf9APZDUwwgivaltwb\\"><label for=\\"privateCustomer\\" class=\\"_1NkZD_iEqeTFRGBnfzQ4zX _195GUCoLSCjwq2j1VtKb93 _2tInY8Y3RXDANhP6_8Ipb_ \\">Yksityinen (€)</label><div class=\\"_1ru3hdCZ3qhTQ_EVvRwBIh\\"><input type=\\"text\\" class=\\"_35GDyiOFLPVMWYFM4_BMWV CQwbnf7hlQrao8Za4G1Wo\\" id=\\"privateCustomer\\" placeholder=\\"\\" value=\\"8.5\\"/></div></div><div class=\\"_1cealf9APZDUwwgivaltwb\\"><label for=\\"company\\" class=\\"_1NkZD_iEqeTFRGBnfzQ4zX _195GUCoLSCjwq2j1VtKb93 _2tInY8Y3RXDANhP6_8Ipb_ \\">Yritys (€)</label><div class=\\"_1ru3hdCZ3qhTQ_EVvRwBIh\\"><input type=\\"text\\" class=\\"_35GDyiOFLPVMWYFM4_BMWV CQwbnf7hlQrao8Za4G1Wo\\" id=\\"company\\" placeholder=\\"\\" value=\\"17\\"/></div></div></div><div class=\\"grid cols2 row\\"><label><span class=\\"labelText\\">Aika</span><select id=\\"period\\" class=\\"select\\"><option value=\\"season\\">Kausi</option><option value=\\"month\\">1 kk</option><option value=\\"year\\">Vuosi</option></select></label></div></form>"`;
