// Jest Snapshot v1, https://goo.gl/fbAQLP

exports[`IndividualHarborPage renders normally 1`] = `"<div class=\\"individualHarborPage\\"><h2 class=\\"pageTitle\\">SATAMA</h2>Individual Harbor Page</div>"`;
