// Jest Snapshot v1, https://goo.gl/fbAQLP

exports[`PageContent renders normally 1`] = `
<div
  class="pageContent"
>
  <p>
    Test
  </p>
</div>
`;
