// Jest Snapshot v1, https://goo.gl/fbAQLP

exports[`ApplicationDetails renders normally 1`] = `
"<div class=\\"grid cols3\\"><article class=\\"section\\"><h4 class=\\"text standard h4 m title\\">HAKEMUS</h4><section class=\\"body\\"><div class=\\"labelValuePair\\"><span class=\\"label standard\\">Hakemustyyppi:</span><span class=\\"value left\\">Uusi hakemus</span></div><div class=\\"labelValuePair\\"><span class=\\"label standard\\">Vastaanotettu:</span><span class=\\"value left\\">23.10.2019 klo 12.15</span></div><div class=\\"labelValuePair\\"><span class=\\"label standard\\">Jononumero:</span><span class=\\"value left\\">245</span></div><div class=\\"labelValuePair\\"><span class=\\"label standard\\">Status:</span><span class=\\"value left\\">Odottaa käsittelyä</span></div></section></article><div><article class=\\"section\\"><h4 class=\\"text standard h4 m title\\">VENEEN TIEDOT</h4><section class=\\"body\\"><div class=\\"labelValuePair\\"><span class=\\"label standard\\">Veneen tyyppi:</span><span class=\\"value left\\">Purjevene / moottoripursi</span></div><div class=\\"labelValuePair\\"><span class=\\"label standard\\">Rekisterinumero:</span><span class=\\"value left\\">A 12345</span></div></section></article><article class=\\"section\\"><section class=\\"body\\"><div class=\\"labelValuePair\\"><span class=\\"label standard\\">Veneen leveys:</span><span class=\\"value left\\">3,2 m</span></div><div class=\\"labelValuePair\\"><span class=\\"label standard\\">Veneen pituus:</span><span class=\\"value left\\">6,0 m</span></div><div class=\\"labelValuePair\\"><span class=\\"label standard\\">Veneen syväys:</span><span class=\\"value left\\">0,8 m</span></div><div class=\\"labelValuePair\\"><span class=\\"label standard\\">Veneen paino:</span><span class=\\"value left\\">350 kg</span></div></section></article><article class=\\"section\\"><section class=\\"body\\"><div class=\\"labelValuePair\\"><span class=\\"label standard\\">Nimi:</span><span class=\\"value left\\">Cama la Yano</span></div><div class=\\"labelValuePair\\"><span class=\\"label standard\\">Merkki:</span><span class=\\"value left\\">Marine</span></div></section></article></div><div><article class=\\"section\\"><h4 class=\\"text standard h4 m title\\">VALITUT SATAMAT</h4><section class=\\"body\\"><ul class=\\"list standard noBullets\\"><li><span class=\\"text standard span\\">Toive 
                      1: </span><a class=\\"internalLink brand\\" href=\\"#/offer/54321?harbor=123\\"></a></li><li><span class=\\"text standard span\\">Toive 
                      2: </span><a class=\\"internalLink brand\\" href=\\"#/offer/54321?harbor=321\\"></a></li></ul></section></article><article class=\\"section\\"><section class=\\"body\\"><span class=\\"text standard span\\">Venesatamissamme ei ole tällä hetkellä esteettömiä venepaikkoja.</span></section></article></div></div>"
`;
